[
	{
		"queries": "aar alpaca elephant",
		"results": [
			{
				"where": "http://vis.cs.ucdavis.edu/~cjbryan/cs212/simple/mixed_case.htm",
				"count": 4,
				"index": 1
			},
			{
				"where": "http://vis.cs.ucdavis.edu/~cjbryan/cs212/simple/index.html",
				"count": 3,
				"index": 1
			},
			{
				"where": "http://vis.cs.ucdavis.edu/~cjbryan/cs212/simple/a/b/c/subdir.html",
				"count": 1,
				"index": 1
			},
			{
				"where": "http://vis.cs.ucdavis.edu/~cjbryan/cs212/simple/capital_extension.HTML",
				"count": 1,
				"index": 1
			}
		]
	},
	{
		"queries": "ant eight nine seven",
		"results": [
			{
				"where": "http://vis.cs.ucdavis.edu/~cjbryan/cs212/simple/symbols.html",
				"count": 6,
				"index": 1
			},
			{
				"where": "http://vis.cs.ucdavis.edu/~cjbryan/cs212/simple/position.html",
				"count": 6,
				"index": 7
			},
			{
				"where": "http://vis.cs.ucdavis.edu/~cjbryan/cs212/simple/index.html",
				"count": 1,
				"index": 7
			}
		]
	},
	{
		"queries": "cardinal",
		"results": [
		]
	},
	{
		"queries": "four",
		"results": [
			{
				"where": "http://vis.cs.ucdavis.edu/~cjbryan/cs212/simple/position.html",
				"count": 2,
				"index": 4
			},
			{
				"where": "http://vis.cs.ucdavis.edu/~cjbryan/cs212/simple/index.html",
				"count": 1,
				"index": 6
			}
		]
	},
	{
		"queries": "hello world",
		"results": [
			{
				"where": "http://vis.cs.ucdavis.edu/~cjbryan/cs212/simple/hello.html",
				"count": 8,
				"index": 1
			},
			{
				"where": "http://vis.cs.ucdavis.edu/~cjbryan/cs212/simple/index.html",
				"count": 1,
				"index": 4
			}
		]
	}
]