[
	{
		"queries": "abandon",
		"results": [
			{
				"where": "http://vis.cs.ucdavis.edu/~cjbryan/cs212/gutenberg/32154-h/32154-h.htm",
				"count": 3,
				"index": 1481
			},
			{
				"where": "http://vis.cs.ucdavis.edu/~cjbryan/cs212/gutenberg/32522-h/32522-h.htm",
				"count": 1,
				"index": 5244
			},
			{
				"where": "http://vis.cs.ucdavis.edu/~cjbryan/cs212/gutenberg/32032-h/32032-h.htm",
				"count": 1,
				"index": 6175
			}
		]
	},
	{
		"queries": "gutenberg",
		"results": [
			{
				"where": "http://vis.cs.ucdavis.edu/~cjbryan/cs212/gutenberg/31516-h/31516-h.htm",
				"count": 93,
				"index": 3
			},
			{
				"where": "http://vis.cs.ucdavis.edu/~cjbryan/cs212/gutenberg/32032-h/32032-h.htm",
				"count": 93,
				"index": 3
			},
			{
				"where": "http://vis.cs.ucdavis.edu/~cjbryan/cs212/gutenberg/32154-h/32154-h.htm",
				"count": 93,
				"index": 3
			},
			{
				"where": "http://vis.cs.ucdavis.edu/~cjbryan/cs212/gutenberg/32522-h/32522-h.htm",
				"count": 93,
				"index": 3
			}
		]
	},
	{
		"queries": "nowhere",
		"results": [
		]
	},
	{
		"queries": "provide",
		"results": [
			{
				"where": "http://vis.cs.ucdavis.edu/~cjbryan/cs212/gutenberg/32154-h/32154-h.htm",
				"count": 12,
				"index": 3468
			},
			{
				"where": "http://vis.cs.ucdavis.edu/~cjbryan/cs212/gutenberg/31516-h/31516-h.htm",
				"count": 11,
				"index": 2498
			},
			{
				"where": "http://vis.cs.ucdavis.edu/~cjbryan/cs212/gutenberg/32522-h/32522-h.htm",
				"count": 11,
				"index": 12247
			},
			{
				"where": "http://vis.cs.ucdavis.edu/~cjbryan/cs212/gutenberg/32032-h/32032-h.htm",
				"count": 11,
				"index": 16966
			}
		]
	},
	{
		"queries": "x y z",
		"results": [
			{
				"where": "http://vis.cs.ucdavis.edu/~cjbryan/cs212/gutenberg/32154-h/32154-h.htm",
				"count": 460,
				"index": 31
			},
			{
				"where": "http://vis.cs.ucdavis.edu/~cjbryan/cs212/gutenberg/32032-h/32032-h.htm",
				"count": 409,
				"index": 30
			},
			{
				"where": "http://vis.cs.ucdavis.edu/~cjbryan/cs212/gutenberg/32522-h/32522-h.htm",
				"count": 297,
				"index": 30
			},
			{
				"where": "http://vis.cs.ucdavis.edu/~cjbryan/cs212/gutenberg/31516-h/31516-h.htm",
				"count": 87,
				"index": 32
			}
		]
	},
	{
		"queries": "zone",
		"results": [
			{
				"where": "http://vis.cs.ucdavis.edu/~cjbryan/cs212/gutenberg/32522-h/32522-h.htm",
				"count": 4,
				"index": 5130
			}
		]
	}
]