{
	"a": {
		"http://vis.cs.ucdavis.edu/~cjbryan/cs212/birds/albatross.html": [
			3
		],
		"http://vis.cs.ucdavis.edu/~cjbryan/cs212/birds/birds.html": [
			3
		],
		"http://vis.cs.ucdavis.edu/~cjbryan/cs212/birds/blackbird.html": [
			3
		],
		"http://vis.cs.ucdavis.edu/~cjbryan/cs212/birds/bluebird.html": [
			3
		],
		"http://vis.cs.ucdavis.edu/~cjbryan/cs212/birds/cardinal.html": [
			3
		],
		"http://vis.cs.ucdavis.edu/~cjbryan/cs212/birds/chickadee.html": [
			3
		],
		"http://vis.cs.ucdavis.edu/~cjbryan/cs212/birds/crane.html": [
			3
		],
		"http://vis.cs.ucdavis.edu/~cjbryan/cs212/birds/crow.html": [
			3
		],
		"http://vis.cs.ucdavis.edu/~cjbryan/cs212/birds/cuckoo.html": [
			3
		],
		"http://vis.cs.ucdavis.edu/~cjbryan/cs212/birds/dove.html": [
			3
		],
		"http://vis.cs.ucdavis.edu/~cjbryan/cs212/birds/duck.html": [
			3
		],
		"http://vis.cs.ucdavis.edu/~cjbryan/cs212/birds/eagle.html": [
			3
		],
		"http://vis.cs.ucdavis.edu/~cjbryan/cs212/birds/egret.html": [
			3
		],
		"http://vis.cs.ucdavis.edu/~cjbryan/cs212/birds/falcon.html": [
			3
		],
		"http://vis.cs.ucdavis.edu/~cjbryan/cs212/birds/finch.html": [
			3
		],
		"http://vis.cs.ucdavis.edu/~cjbryan/cs212/birds/goose.html": [
			3
		],
		"http://vis.cs.ucdavis.edu/~cjbryan/cs212/birds/gull.html": [
			3
		],
		"http://vis.cs.ucdavis.edu/~cjbryan/cs212/birds/hawk.html": [
			3
		],
		"http://vis.cs.ucdavis.edu/~cjbryan/cs212/birds/heron.html": [
			3
		],
		"http://vis.cs.ucdavis.edu/~cjbryan/cs212/birds/hummingbird.html": [
			3
		],
		"http://vis.cs.ucdavis.edu/~cjbryan/cs212/birds/ibis.html": [
			3
		],
		"http://vis.cs.ucdavis.edu/~cjbryan/cs212/birds/kingfisher.html": [
			3
		],
		"http://vis.cs.ucdavis.edu/~cjbryan/cs212/birds/loon.html": [
			3
		],
		"http://vis.cs.ucdavis.edu/~cjbryan/cs212/birds/magpie.html": [
			3
		],
		"http://vis.cs.ucdavis.edu/~cjbryan/cs212/birds/mallard.html": [
			3
		],
		"http://vis.cs.ucdavis.edu/~cjbryan/cs212/birds/meadowlark.html": [
			3
		],
		"http://vis.cs.ucdavis.edu/~cjbryan/cs212/birds/mockingbird.html": [
			3
		],
		"http://vis.cs.ucdavis.edu/~cjbryan/cs212/birds/nighthawk.html": [
			3
		],
		"http://vis.cs.ucdavis.edu/~cjbryan/cs212/birds/osprey.html": [
			3
		],
		"http://vis.cs.ucdavis.edu/~cjbryan/cs212/birds/owl.html": [
			3
		],
		"http://vis.cs.ucdavis.edu/~cjbryan/cs212/birds/pelican.html": [
			3
		],
		"http://vis.cs.ucdavis.edu/~cjbryan/cs212/birds/pheasant.html": [
			3
		],
		"http://vis.cs.ucdavis.edu/~cjbryan/cs212/birds/pigeon.html": [
			3
		],
		"http://vis.cs.ucdavis.edu/~cjbryan/cs212/birds/puffin.html": [
			3
		],
		"http://vis.cs.ucdavis.edu/~cjbryan/cs212/birds/quail.html": [
			3
		],
		"http://vis.cs.ucdavis.edu/~cjbryan/cs212/birds/raven.html": [
			3
		],
		"http://vis.cs.ucdavis.edu/~cjbryan/cs212/birds/roadrunner.html": [
			3
		],
		"http://vis.cs.ucdavis.edu/~cjbryan/cs212/birds/robin.html": [
			3
		],
		"http://vis.cs.ucdavis.edu/~cjbryan/cs212/birds/sandpiper.html": [
			3
		],
		"http://vis.cs.ucdavis.edu/~cjbryan/cs212/birds/sparrow.html": [
			3
		],
		"http://vis.cs.ucdavis.edu/~cjbryan/cs212/birds/starling.html": [
			3
		],
		"http://vis.cs.ucdavis.edu/~cjbryan/cs212/birds/stork.html": [
			3
		],
		"http://vis.cs.ucdavis.edu/~cjbryan/cs212/birds/swallow.html": [
			3
		],
		"http://vis.cs.ucdavis.edu/~cjbryan/cs212/birds/swan.html": [
			3
		],
		"http://vis.cs.ucdavis.edu/~cjbryan/cs212/birds/tern.html": [
			3
		],
		"http://vis.cs.ucdavis.edu/~cjbryan/cs212/birds/turkey.html": [
			3
		],
		"http://vis.cs.ucdavis.edu/~cjbryan/cs212/birds/vulture.html": [
			3
		],
		"http://vis.cs.ucdavis.edu/~cjbryan/cs212/birds/warbler.html": [
			3
		],
		"http://vis.cs.ucdavis.edu/~cjbryan/cs212/birds/woodpecker.html": [
			3
		],
		"http://vis.cs.ucdavis.edu/~cjbryan/cs212/birds/wren.html": [
			3
		]
	},
	"albatross": {
		"http://vis.cs.ucdavis.edu/~cjbryan/cs212/birds/albatross.html": [
			1
		],
		"http://vis.cs.ucdavis.edu/~cjbryan/cs212/birds/birds.html": [
			7
		]
	},
	"bird": {
		"http://vis.cs.ucdavis.edu/~cjbryan/cs212/birds/albatross.html": [
			7
		],
		"http://vis.cs.ucdavis.edu/~cjbryan/cs212/birds/blackbird.html": [
			7
		],
		"http://vis.cs.ucdavis.edu/~cjbryan/cs212/birds/bluebird.html": [
			7
		],
		"http://vis.cs.ucdavis.edu/~cjbryan/cs212/birds/cardinal.html": [
			7
		],
		"http://vis.cs.ucdavis.edu/~cjbryan/cs212/birds/chickadee.html": [
			7
		],
		"http://vis.cs.ucdavis.edu/~cjbryan/cs212/birds/crane.html": [
			7
		],
		"http://vis.cs.ucdavis.edu/~cjbryan/cs212/birds/crow.html": [
			7
		],
		"http://vis.cs.ucdavis.edu/~cjbryan/cs212/birds/cuckoo.html": [
			7
		],
		"http://vis.cs.ucdavis.edu/~cjbryan/cs212/birds/dove.html": [
			7
		],
		"http://vis.cs.ucdavis.edu/~cjbryan/cs212/birds/duck.html": [
			7
		],
		"http://vis.cs.ucdavis.edu/~cjbryan/cs212/birds/eagle.html": [
			7
		],
		"http://vis.cs.ucdavis.edu/~cjbryan/cs212/birds/egret.html": [
			7
		],
		"http://vis.cs.ucdavis.edu/~cjbryan/cs212/birds/falcon.html": [
			7
		],
		"http://vis.cs.ucdavis.edu/~cjbryan/cs212/birds/finch.html": [
			7
		],
		"http://vis.cs.ucdavis.edu/~cjbryan/cs212/birds/goose.html": [
			7
		],
		"http://vis.cs.ucdavis.edu/~cjbryan/cs212/birds/gull.html": [
			7
		],
		"http://vis.cs.ucdavis.edu/~cjbryan/cs212/birds/hawk.html": [
			7
		],
		"http://vis.cs.ucdavis.edu/~cjbryan/cs212/birds/heron.html": [
			7
		],
		"http://vis.cs.ucdavis.edu/~cjbryan/cs212/birds/hummingbird.html": [
			7
		],
		"http://vis.cs.ucdavis.edu/~cjbryan/cs212/birds/ibis.html": [
			7
		],
		"http://vis.cs.ucdavis.edu/~cjbryan/cs212/birds/kingfisher.html": [
			7
		],
		"http://vis.cs.ucdavis.edu/~cjbryan/cs212/birds/loon.html": [
			7
		],
		"http://vis.cs.ucdavis.edu/~cjbryan/cs212/birds/magpie.html": [
			7
		],
		"http://vis.cs.ucdavis.edu/~cjbryan/cs212/birds/mallard.html": [
			7
		],
		"http://vis.cs.ucdavis.edu/~cjbryan/cs212/birds/meadowlark.html": [
			7
		],
		"http://vis.cs.ucdavis.edu/~cjbryan/cs212/birds/mockingbird.html": [
			7
		],
		"http://vis.cs.ucdavis.edu/~cjbryan/cs212/birds/nighthawk.html": [
			7
		],
		"http://vis.cs.ucdavis.edu/~cjbryan/cs212/birds/osprey.html": [
			7
		],
		"http://vis.cs.ucdavis.edu/~cjbryan/cs212/birds/owl.html": [
			7
		],
		"http://vis.cs.ucdavis.edu/~cjbryan/cs212/birds/pelican.html": [
			7
		],
		"http://vis.cs.ucdavis.edu/~cjbryan/cs212/birds/pheasant.html": [
			7
		],
		"http://vis.cs.ucdavis.edu/~cjbryan/cs212/birds/pigeon.html": [
			7
		],
		"http://vis.cs.ucdavis.edu/~cjbryan/cs212/birds/puffin.html": [
			7
		],
		"http://vis.cs.ucdavis.edu/~cjbryan/cs212/birds/quail.html": [
			7
		],
		"http://vis.cs.ucdavis.edu/~cjbryan/cs212/birds/raven.html": [
			7
		],
		"http://vis.cs.ucdavis.edu/~cjbryan/cs212/birds/roadrunner.html": [
			7
		],
		"http://vis.cs.ucdavis.edu/~cjbryan/cs212/birds/robin.html": [
			7
		],
		"http://vis.cs.ucdavis.edu/~cjbryan/cs212/birds/sandpiper.html": [
			7
		],
		"http://vis.cs.ucdavis.edu/~cjbryan/cs212/birds/sparrow.html": [
			7
		],
		"http://vis.cs.ucdavis.edu/~cjbryan/cs212/birds/starling.html": [
			7
		],
		"http://vis.cs.ucdavis.edu/~cjbryan/cs212/birds/stork.html": [
			7
		],
		"http://vis.cs.ucdavis.edu/~cjbryan/cs212/birds/swallow.html": [
			7
		],
		"http://vis.cs.ucdavis.edu/~cjbryan/cs212/birds/swan.html": [
			7
		],
		"http://vis.cs.ucdavis.edu/~cjbryan/cs212/birds/tern.html": [
			7
		],
		"http://vis.cs.ucdavis.edu/~cjbryan/cs212/birds/turkey.html": [
			7
		],
		"http://vis.cs.ucdavis.edu/~cjbryan/cs212/birds/vulture.html": [
			7
		],
		"http://vis.cs.ucdavis.edu/~cjbryan/cs212/birds/warbler.html": [
			7
		],
		"http://vis.cs.ucdavis.edu/~cjbryan/cs212/birds/woodpecker.html": [
			7
		],
		"http://vis.cs.ucdavis.edu/~cjbryan/cs212/birds/wren.html": [
			7
		]
	},
	"birds": {
		"http://vis.cs.ucdavis.edu/~cjbryan/cs212/birds/birds.html": [
			6
		]
	},
	"blackbird": {
		"http://vis.cs.ucdavis.edu/~cjbryan/cs212/birds/birds.html": [
			8
		],
		"http://vis.cs.ucdavis.edu/~cjbryan/cs212/birds/blackbird.html": [
			1
		]
	},
	"bluebird": {
		"http://vis.cs.ucdavis.edu/~cjbryan/cs212/birds/birds.html": [
			9
		],
		"http://vis.cs.ucdavis.edu/~cjbryan/cs212/birds/bluebird.html": [
			1
		]
	},
	"cardinal": {
		"http://vis.cs.ucdavis.edu/~cjbryan/cs212/birds/birds.html": [
			10
		],
		"http://vis.cs.ucdavis.edu/~cjbryan/cs212/birds/cardinal.html": [
			1
		]
	},
	"chickadee": {
		"http://vis.cs.ucdavis.edu/~cjbryan/cs212/birds/birds.html": [
			11
		],
		"http://vis.cs.ucdavis.edu/~cjbryan/cs212/birds/chickadee.html": [
			1
		]
	},
	"common": {
		"http://vis.cs.ucdavis.edu/~cjbryan/cs212/birds/albatross.html": [
			4
		],
		"http://vis.cs.ucdavis.edu/~cjbryan/cs212/birds/blackbird.html": [
			4
		],
		"http://vis.cs.ucdavis.edu/~cjbryan/cs212/birds/bluebird.html": [
			4
		],
		"http://vis.cs.ucdavis.edu/~cjbryan/cs212/birds/cardinal.html": [
			4
		],
		"http://vis.cs.ucdavis.edu/~cjbryan/cs212/birds/chickadee.html": [
			4
		],
		"http://vis.cs.ucdavis.edu/~cjbryan/cs212/birds/crane.html": [
			4
		],
		"http://vis.cs.ucdavis.edu/~cjbryan/cs212/birds/crow.html": [
			4
		],
		"http://vis.cs.ucdavis.edu/~cjbryan/cs212/birds/cuckoo.html": [
			4
		],
		"http://vis.cs.ucdavis.edu/~cjbryan/cs212/birds/dove.html": [
			4
		],
		"http://vis.cs.ucdavis.edu/~cjbryan/cs212/birds/duck.html": [
			4
		],
		"http://vis.cs.ucdavis.edu/~cjbryan/cs212/birds/eagle.html": [
			4
		],
		"http://vis.cs.ucdavis.edu/~cjbryan/cs212/birds/egret.html": [
			4
		],
		"http://vis.cs.ucdavis.edu/~cjbryan/cs212/birds/falcon.html": [
			4
		],
		"http://vis.cs.ucdavis.edu/~cjbryan/cs212/birds/finch.html": [
			4
		],
		"http://vis.cs.ucdavis.edu/~cjbryan/cs212/birds/goose.html": [
			4
		],
		"http://vis.cs.ucdavis.edu/~cjbryan/cs212/birds/gull.html": [
			4
		],
		"http://vis.cs.ucdavis.edu/~cjbryan/cs212/birds/hawk.html": [
			4
		],
		"http://vis.cs.ucdavis.edu/~cjbryan/cs212/birds/heron.html": [
			4
		],
		"http://vis.cs.ucdavis.edu/~cjbryan/cs212/birds/hummingbird.html": [
			4
		],
		"http://vis.cs.ucdavis.edu/~cjbryan/cs212/birds/ibis.html": [
			4
		],
		"http://vis.cs.ucdavis.edu/~cjbryan/cs212/birds/kingfisher.html": [
			4
		],
		"http://vis.cs.ucdavis.edu/~cjbryan/cs212/birds/loon.html": [
			4
		],
		"http://vis.cs.ucdavis.edu/~cjbryan/cs212/birds/magpie.html": [
			4
		],
		"http://vis.cs.ucdavis.edu/~cjbryan/cs212/birds/mallard.html": [
			4
		],
		"http://vis.cs.ucdavis.edu/~cjbryan/cs212/birds/meadowlark.html": [
			4
		],
		"http://vis.cs.ucdavis.edu/~cjbryan/cs212/birds/mockingbird.html": [
			4
		],
		"http://vis.cs.ucdavis.edu/~cjbryan/cs212/birds/nighthawk.html": [
			4
		],
		"http://vis.cs.ucdavis.edu/~cjbryan/cs212/birds/osprey.html": [
			4
		],
		"http://vis.cs.ucdavis.edu/~cjbryan/cs212/birds/owl.html": [
			4
		],
		"http://vis.cs.ucdavis.edu/~cjbryan/cs212/birds/pelican.html": [
			4
		],
		"http://vis.cs.ucdavis.edu/~cjbryan/cs212/birds/pheasant.html": [
			4
		],
		"http://vis.cs.ucdavis.edu/~cjbryan/cs212/birds/pigeon.html": [
			4
		],
		"http://vis.cs.ucdavis.edu/~cjbryan/cs212/birds/puffin.html": [
			4
		],
		"http://vis.cs.ucdavis.edu/~cjbryan/cs212/birds/quail.html": [
			4
		],
		"http://vis.cs.ucdavis.edu/~cjbryan/cs212/birds/raven.html": [
			4
		],
		"http://vis.cs.ucdavis.edu/~cjbryan/cs212/birds/roadrunner.html": [
			4
		],
		"http://vis.cs.ucdavis.edu/~cjbryan/cs212/birds/robin.html": [
			4
		],
		"http://vis.cs.ucdavis.edu/~cjbryan/cs212/birds/sandpiper.html": [
			4
		],
		"http://vis.cs.ucdavis.edu/~cjbryan/cs212/birds/sparrow.html": [
			4
		],
		"http://vis.cs.ucdavis.edu/~cjbryan/cs212/birds/starling.html": [
			4
		],
		"http://vis.cs.ucdavis.edu/~cjbryan/cs212/birds/stork.html": [
			4
		],
		"http://vis.cs.ucdavis.edu/~cjbryan/cs212/birds/swallow.html": [
			4
		],
		"http://vis.cs.ucdavis.edu/~cjbryan/cs212/birds/swan.html": [
			4
		],
		"http://vis.cs.ucdavis.edu/~cjbryan/cs212/birds/tern.html": [
			4
		],
		"http://vis.cs.ucdavis.edu/~cjbryan/cs212/birds/turkey.html": [
			4
		],
		"http://vis.cs.ucdavis.edu/~cjbryan/cs212/birds/vulture.html": [
			4
		],
		"http://vis.cs.ucdavis.edu/~cjbryan/cs212/birds/warbler.html": [
			4
		],
		"http://vis.cs.ucdavis.edu/~cjbryan/cs212/birds/woodpecker.html": [
			4
		],
		"http://vis.cs.ucdavis.edu/~cjbryan/cs212/birds/wren.html": [
			4
		]
	},
	"crane": {
		"http://vis.cs.ucdavis.edu/~cjbryan/cs212/birds/birds.html": [
			12
		],
		"http://vis.cs.ucdavis.edu/~cjbryan/cs212/birds/crane.html": [
			1
		]
	},
	"crow": {
		"http://vis.cs.ucdavis.edu/~cjbryan/cs212/birds/birds.html": [
			13
		],
		"http://vis.cs.ucdavis.edu/~cjbryan/cs212/birds/crow.html": [
			1
		]
	},
	"cuckoo": {
		"http://vis.cs.ucdavis.edu/~cjbryan/cs212/birds/birds.html": [
			14
		],
		"http://vis.cs.ucdavis.edu/~cjbryan/cs212/birds/cuckoo.html": [
			1
		]
	},
	"dove": {
		"http://vis.cs.ucdavis.edu/~cjbryan/cs212/birds/birds.html": [
			15
		],
		"http://vis.cs.ucdavis.edu/~cjbryan/cs212/birds/dove.html": [
			1
		]
	},
	"duck": {
		"http://vis.cs.ucdavis.edu/~cjbryan/cs212/birds/birds.html": [
			16
		],
		"http://vis.cs.ucdavis.edu/~cjbryan/cs212/birds/duck.html": [
			1
		]
	},
	"eagle": {
		"http://vis.cs.ucdavis.edu/~cjbryan/cs212/birds/birds.html": [
			17
		],
		"http://vis.cs.ucdavis.edu/~cjbryan/cs212/birds/eagle.html": [
			1
		]
	},
	"egret": {
		"http://vis.cs.ucdavis.edu/~cjbryan/cs212/birds/birds.html": [
			18
		],
		"http://vis.cs.ucdavis.edu/~cjbryan/cs212/birds/egret.html": [
			1
		]
	},
	"falcon": {
		"http://vis.cs.ucdavis.edu/~cjbryan/cs212/birds/birds.html": [
			19
		],
		"http://vis.cs.ucdavis.edu/~cjbryan/cs212/birds/falcon.html": [
			1
		]
	},
	"finch": {
		"http://vis.cs.ucdavis.edu/~cjbryan/cs212/birds/birds.html": [
			20
		],
		"http://vis.cs.ucdavis.edu/~cjbryan/cs212/birds/finch.html": [
			1
		]
	},
	"goose": {
		"http://vis.cs.ucdavis.edu/~cjbryan/cs212/birds/birds.html": [
			21
		],
		"http://vis.cs.ucdavis.edu/~cjbryan/cs212/birds/goose.html": [
			1
		]
	},
	"gull": {
		"http://vis.cs.ucdavis.edu/~cjbryan/cs212/birds/birds.html": [
			22
		],
		"http://vis.cs.ucdavis.edu/~cjbryan/cs212/birds/gull.html": [
			1
		]
	},
	"hawk": {
		"http://vis.cs.ucdavis.edu/~cjbryan/cs212/birds/birds.html": [
			23
		],
		"http://vis.cs.ucdavis.edu/~cjbryan/cs212/birds/hawk.html": [
			1
		]
	},
	"here": {
		"http://vis.cs.ucdavis.edu/~cjbryan/cs212/birds/birds.html": [
			1
		]
	},
	"heron": {
		"http://vis.cs.ucdavis.edu/~cjbryan/cs212/birds/birds.html": [
			24
		],
		"http://vis.cs.ucdavis.edu/~cjbryan/cs212/birds/heron.html": [
			1
		]
	},
	"home": {
		"http://vis.cs.ucdavis.edu/~cjbryan/cs212/birds/albatross.html": [
			8
		],
		"http://vis.cs.ucdavis.edu/~cjbryan/cs212/birds/birds.html": [
			57
		],
		"http://vis.cs.ucdavis.edu/~cjbryan/cs212/birds/blackbird.html": [
			8
		],
		"http://vis.cs.ucdavis.edu/~cjbryan/cs212/birds/bluebird.html": [
			8
		],
		"http://vis.cs.ucdavis.edu/~cjbryan/cs212/birds/cardinal.html": [
			8
		],
		"http://vis.cs.ucdavis.edu/~cjbryan/cs212/birds/chickadee.html": [
			8
		],
		"http://vis.cs.ucdavis.edu/~cjbryan/cs212/birds/crane.html": [
			8
		],
		"http://vis.cs.ucdavis.edu/~cjbryan/cs212/birds/crow.html": [
			8
		],
		"http://vis.cs.ucdavis.edu/~cjbryan/cs212/birds/cuckoo.html": [
			8
		],
		"http://vis.cs.ucdavis.edu/~cjbryan/cs212/birds/dove.html": [
			8
		],
		"http://vis.cs.ucdavis.edu/~cjbryan/cs212/birds/duck.html": [
			8
		],
		"http://vis.cs.ucdavis.edu/~cjbryan/cs212/birds/eagle.html": [
			8
		],
		"http://vis.cs.ucdavis.edu/~cjbryan/cs212/birds/egret.html": [
			8
		],
		"http://vis.cs.ucdavis.edu/~cjbryan/cs212/birds/falcon.html": [
			8
		],
		"http://vis.cs.ucdavis.edu/~cjbryan/cs212/birds/finch.html": [
			8
		],
		"http://vis.cs.ucdavis.edu/~cjbryan/cs212/birds/goose.html": [
			8
		],
		"http://vis.cs.ucdavis.edu/~cjbryan/cs212/birds/gull.html": [
			8
		],
		"http://vis.cs.ucdavis.edu/~cjbryan/cs212/birds/hawk.html": [
			8
		],
		"http://vis.cs.ucdavis.edu/~cjbryan/cs212/birds/heron.html": [
			8
		],
		"http://vis.cs.ucdavis.edu/~cjbryan/cs212/birds/hummingbird.html": [
			8
		],
		"http://vis.cs.ucdavis.edu/~cjbryan/cs212/birds/ibis.html": [
			8
		],
		"http://vis.cs.ucdavis.edu/~cjbryan/cs212/birds/kingfisher.html": [
			8
		],
		"http://vis.cs.ucdavis.edu/~cjbryan/cs212/birds/loon.html": [
			8
		],
		"http://vis.cs.ucdavis.edu/~cjbryan/cs212/birds/magpie.html": [
			8
		],
		"http://vis.cs.ucdavis.edu/~cjbryan/cs212/birds/mallard.html": [
			8
		],
		"http://vis.cs.ucdavis.edu/~cjbryan/cs212/birds/meadowlark.html": [
			8
		],
		"http://vis.cs.ucdavis.edu/~cjbryan/cs212/birds/mockingbird.html": [
			8
		],
		"http://vis.cs.ucdavis.edu/~cjbryan/cs212/birds/nighthawk.html": [
			8
		],
		"http://vis.cs.ucdavis.edu/~cjbryan/cs212/birds/osprey.html": [
			8
		],
		"http://vis.cs.ucdavis.edu/~cjbryan/cs212/birds/owl.html": [
			8
		],
		"http://vis.cs.ucdavis.edu/~cjbryan/cs212/birds/pelican.html": [
			8
		],
		"http://vis.cs.ucdavis.edu/~cjbryan/cs212/birds/pheasant.html": [
			8
		],
		"http://vis.cs.ucdavis.edu/~cjbryan/cs212/birds/pigeon.html": [
			8
		],
		"http://vis.cs.ucdavis.edu/~cjbryan/cs212/birds/puffin.html": [
			8
		],
		"http://vis.cs.ucdavis.edu/~cjbryan/cs212/birds/quail.html": [
			8
		],
		"http://vis.cs.ucdavis.edu/~cjbryan/cs212/birds/raven.html": [
			8
		],
		"http://vis.cs.ucdavis.edu/~cjbryan/cs212/birds/roadrunner.html": [
			8
		],
		"http://vis.cs.ucdavis.edu/~cjbryan/cs212/birds/robin.html": [
			8
		],
		"http://vis.cs.ucdavis.edu/~cjbryan/cs212/birds/sandpiper.html": [
			8
		],
		"http://vis.cs.ucdavis.edu/~cjbryan/cs212/birds/sparrow.html": [
			8
		],
		"http://vis.cs.ucdavis.edu/~cjbryan/cs212/birds/starling.html": [
			8
		],
		"http://vis.cs.ucdavis.edu/~cjbryan/cs212/birds/stork.html": [
			8
		],
		"http://vis.cs.ucdavis.edu/~cjbryan/cs212/birds/swallow.html": [
			8
		],
		"http://vis.cs.ucdavis.edu/~cjbryan/cs212/birds/swan.html": [
			8
		],
		"http://vis.cs.ucdavis.edu/~cjbryan/cs212/birds/tern.html": [
			8
		],
		"http://vis.cs.ucdavis.edu/~cjbryan/cs212/birds/turkey.html": [
			8
		],
		"http://vis.cs.ucdavis.edu/~cjbryan/cs212/birds/vulture.html": [
			8
		],
		"http://vis.cs.ucdavis.edu/~cjbryan/cs212/birds/warbler.html": [
			8
		],
		"http://vis.cs.ucdavis.edu/~cjbryan/cs212/birds/woodpecker.html": [
			8
		],
		"http://vis.cs.ucdavis.edu/~cjbryan/cs212/birds/wren.html": [
			8
		]
	},
	"hummingbird": {
		"http://vis.cs.ucdavis.edu/~cjbryan/cs212/birds/birds.html": [
			25
		],
		"http://vis.cs.ucdavis.edu/~cjbryan/cs212/birds/hummingbird.html": [
			1
		]
	},
	"ibis": {
		"http://vis.cs.ucdavis.edu/~cjbryan/cs212/birds/birds.html": [
			26
		],
		"http://vis.cs.ucdavis.edu/~cjbryan/cs212/birds/ibis.html": [
			1
		]
	},
	"is": {
		"http://vis.cs.ucdavis.edu/~cjbryan/cs212/birds/albatross.html": [
			2
		],
		"http://vis.cs.ucdavis.edu/~cjbryan/cs212/birds/birds.html": [
			2
		],
		"http://vis.cs.ucdavis.edu/~cjbryan/cs212/birds/blackbird.html": [
			2
		],
		"http://vis.cs.ucdavis.edu/~cjbryan/cs212/birds/bluebird.html": [
			2
		],
		"http://vis.cs.ucdavis.edu/~cjbryan/cs212/birds/cardinal.html": [
			2
		],
		"http://vis.cs.ucdavis.edu/~cjbryan/cs212/birds/chickadee.html": [
			2
		],
		"http://vis.cs.ucdavis.edu/~cjbryan/cs212/birds/crane.html": [
			2
		],
		"http://vis.cs.ucdavis.edu/~cjbryan/cs212/birds/crow.html": [
			2
		],
		"http://vis.cs.ucdavis.edu/~cjbryan/cs212/birds/cuckoo.html": [
			2
		],
		"http://vis.cs.ucdavis.edu/~cjbryan/cs212/birds/dove.html": [
			2
		],
		"http://vis.cs.ucdavis.edu/~cjbryan/cs212/birds/duck.html": [
			2
		],
		"http://vis.cs.ucdavis.edu/~cjbryan/cs212/birds/eagle.html": [
			2
		],
		"http://vis.cs.ucdavis.edu/~cjbryan/cs212/birds/egret.html": [
			2
		],
		"http://vis.cs.ucdavis.edu/~cjbryan/cs212/birds/falcon.html": [
			2
		],
		"http://vis.cs.ucdavis.edu/~cjbryan/cs212/birds/finch.html": [
			2
		],
		"http://vis.cs.ucdavis.edu/~cjbryan/cs212/birds/goose.html": [
			2
		],
		"http://vis.cs.ucdavis.edu/~cjbryan/cs212/birds/gull.html": [
			2
		],
		"http://vis.cs.ucdavis.edu/~cjbryan/cs212/birds/hawk.html": [
			2
		],
		"http://vis.cs.ucdavis.edu/~cjbryan/cs212/birds/heron.html": [
			2
		],
		"http://vis.cs.ucdavis.edu/~cjbryan/cs212/birds/hummingbird.html": [
			2
		],
		"http://vis.cs.ucdavis.edu/~cjbryan/cs212/birds/ibis.html": [
			2
		],
		"http://vis.cs.ucdavis.edu/~cjbryan/cs212/birds/kingfisher.html": [
			2
		],
		"http://vis.cs.ucdavis.edu/~cjbryan/cs212/birds/loon.html": [
			2
		],
		"http://vis.cs.ucdavis.edu/~cjbryan/cs212/birds/magpie.html": [
			2
		],
		"http://vis.cs.ucdavis.edu/~cjbryan/cs212/birds/mallard.html": [
			2
		],
		"http://vis.cs.ucdavis.edu/~cjbryan/cs212/birds/meadowlark.html": [
			2
		],
		"http://vis.cs.ucdavis.edu/~cjbryan/cs212/birds/mockingbird.html": [
			2
		],
		"http://vis.cs.ucdavis.edu/~cjbryan/cs212/birds/nighthawk.html": [
			2
		],
		"http://vis.cs.ucdavis.edu/~cjbryan/cs212/birds/osprey.html": [
			2
		],
		"http://vis.cs.ucdavis.edu/~cjbryan/cs212/birds/owl.html": [
			2
		],
		"http://vis.cs.ucdavis.edu/~cjbryan/cs212/birds/pelican.html": [
			2
		],
		"http://vis.cs.ucdavis.edu/~cjbryan/cs212/birds/pheasant.html": [
			2
		],
		"http://vis.cs.ucdavis.edu/~cjbryan/cs212/birds/pigeon.html": [
			2
		],
		"http://vis.cs.ucdavis.edu/~cjbryan/cs212/birds/puffin.html": [
			2
		],
		"http://vis.cs.ucdavis.edu/~cjbryan/cs212/birds/quail.html": [
			2
		],
		"http://vis.cs.ucdavis.edu/~cjbryan/cs212/birds/raven.html": [
			2
		],
		"http://vis.cs.ucdavis.edu/~cjbryan/cs212/birds/roadrunner.html": [
			2
		],
		"http://vis.cs.ucdavis.edu/~cjbryan/cs212/birds/robin.html": [
			2
		],
		"http://vis.cs.ucdavis.edu/~cjbryan/cs212/birds/sandpiper.html": [
			2
		],
		"http://vis.cs.ucdavis.edu/~cjbryan/cs212/birds/sparrow.html": [
			2
		],
		"http://vis.cs.ucdavis.edu/~cjbryan/cs212/birds/starling.html": [
			2
		],
		"http://vis.cs.ucdavis.edu/~cjbryan/cs212/birds/stork.html": [
			2
		],
		"http://vis.cs.ucdavis.edu/~cjbryan/cs212/birds/swallow.html": [
			2
		],
		"http://vis.cs.ucdavis.edu/~cjbryan/cs212/birds/swan.html": [
			2
		],
		"http://vis.cs.ucdavis.edu/~cjbryan/cs212/birds/tern.html": [
			2
		],
		"http://vis.cs.ucdavis.edu/~cjbryan/cs212/birds/turkey.html": [
			2
		],
		"http://vis.cs.ucdavis.edu/~cjbryan/cs212/birds/vulture.html": [
			2
		],
		"http://vis.cs.ucdavis.edu/~cjbryan/cs212/birds/warbler.html": [
			2
		],
		"http://vis.cs.ucdavis.edu/~cjbryan/cs212/birds/woodpecker.html": [
			2
		],
		"http://vis.cs.ucdavis.edu/~cjbryan/cs212/birds/wren.html": [
			2
		]
	},
	"kingfisher": {
		"http://vis.cs.ucdavis.edu/~cjbryan/cs212/birds/birds.html": [
			27
		],
		"http://vis.cs.ucdavis.edu/~cjbryan/cs212/birds/kingfisher.html": [
			1
		]
	},
	"list": {
		"http://vis.cs.ucdavis.edu/~cjbryan/cs212/birds/birds.html": [
			4
		]
	},
	"loon": {
		"http://vis.cs.ucdavis.edu/~cjbryan/cs212/birds/birds.html": [
			28
		],
		"http://vis.cs.ucdavis.edu/~cjbryan/cs212/birds/loon.html": [
			1
		]
	},
	"magpie": {
		"http://vis.cs.ucdavis.edu/~cjbryan/cs212/birds/birds.html": [
			29
		],
		"http://vis.cs.ucdavis.edu/~cjbryan/cs212/birds/magpie.html": [
			1
		]
	},
	"mallard": {
		"http://vis.cs.ucdavis.edu/~cjbryan/cs212/birds/birds.html": [
			30
		],
		"http://vis.cs.ucdavis.edu/~cjbryan/cs212/birds/mallard.html": [
			1
		]
	},
	"meadowlark": {
		"http://vis.cs.ucdavis.edu/~cjbryan/cs212/birds/birds.html": [
			31
		],
		"http://vis.cs.ucdavis.edu/~cjbryan/cs212/birds/meadowlark.html": [
			1
		]
	},
	"mockingbird": {
		"http://vis.cs.ucdavis.edu/~cjbryan/cs212/birds/birds.html": [
			32
		],
		"http://vis.cs.ucdavis.edu/~cjbryan/cs212/birds/mockingbird.html": [
			1
		]
	},
	"nighthawk": {
		"http://vis.cs.ucdavis.edu/~cjbryan/cs212/birds/birds.html": [
			33
		],
		"http://vis.cs.ucdavis.edu/~cjbryan/cs212/birds/nighthawk.html": [
			1
		]
	},
	"of": {
		"http://vis.cs.ucdavis.edu/~cjbryan/cs212/birds/albatross.html": [
			6
		],
		"http://vis.cs.ucdavis.edu/~cjbryan/cs212/birds/birds.html": [
			5
		],
		"http://vis.cs.ucdavis.edu/~cjbryan/cs212/birds/blackbird.html": [
			6
		],
		"http://vis.cs.ucdavis.edu/~cjbryan/cs212/birds/bluebird.html": [
			6
		],
		"http://vis.cs.ucdavis.edu/~cjbryan/cs212/birds/cardinal.html": [
			6
		],
		"http://vis.cs.ucdavis.edu/~cjbryan/cs212/birds/chickadee.html": [
			6
		],
		"http://vis.cs.ucdavis.edu/~cjbryan/cs212/birds/crane.html": [
			6
		],
		"http://vis.cs.ucdavis.edu/~cjbryan/cs212/birds/crow.html": [
			6
		],
		"http://vis.cs.ucdavis.edu/~cjbryan/cs212/birds/cuckoo.html": [
			6
		],
		"http://vis.cs.ucdavis.edu/~cjbryan/cs212/birds/dove.html": [
			6
		],
		"http://vis.cs.ucdavis.edu/~cjbryan/cs212/birds/duck.html": [
			6
		],
		"http://vis.cs.ucdavis.edu/~cjbryan/cs212/birds/eagle.html": [
			6
		],
		"http://vis.cs.ucdavis.edu/~cjbryan/cs212/birds/egret.html": [
			6
		],
		"http://vis.cs.ucdavis.edu/~cjbryan/cs212/birds/falcon.html": [
			6
		],
		"http://vis.cs.ucdavis.edu/~cjbryan/cs212/birds/finch.html": [
			6
		],
		"http://vis.cs.ucdavis.edu/~cjbryan/cs212/birds/goose.html": [
			6
		],
		"http://vis.cs.ucdavis.edu/~cjbryan/cs212/birds/gull.html": [
			6
		],
		"http://vis.cs.ucdavis.edu/~cjbryan/cs212/birds/hawk.html": [
			6
		],
		"http://vis.cs.ucdavis.edu/~cjbryan/cs212/birds/heron.html": [
			6
		],
		"http://vis.cs.ucdavis.edu/~cjbryan/cs212/birds/hummingbird.html": [
			6
		],
		"http://vis.cs.ucdavis.edu/~cjbryan/cs212/birds/ibis.html": [
			6
		],
		"http://vis.cs.ucdavis.edu/~cjbryan/cs212/birds/kingfisher.html": [
			6
		],
		"http://vis.cs.ucdavis.edu/~cjbryan/cs212/birds/loon.html": [
			6
		],
		"http://vis.cs.ucdavis.edu/~cjbryan/cs212/birds/magpie.html": [
			6
		],
		"http://vis.cs.ucdavis.edu/~cjbryan/cs212/birds/mallard.html": [
			6
		],
		"http://vis.cs.ucdavis.edu/~cjbryan/cs212/birds/meadowlark.html": [
			6
		],
		"http://vis.cs.ucdavis.edu/~cjbryan/cs212/birds/mockingbird.html": [
			6
		],
		"http://vis.cs.ucdavis.edu/~cjbryan/cs212/birds/nighthawk.html": [
			6
		],
		"http://vis.cs.ucdavis.edu/~cjbryan/cs212/birds/osprey.html": [
			6
		],
		"http://vis.cs.ucdavis.edu/~cjbryan/cs212/birds/owl.html": [
			6
		],
		"http://vis.cs.ucdavis.edu/~cjbryan/cs212/birds/pelican.html": [
			6
		],
		"http://vis.cs.ucdavis.edu/~cjbryan/cs212/birds/pheasant.html": [
			6
		],
		"http://vis.cs.ucdavis.edu/~cjbryan/cs212/birds/pigeon.html": [
			6
		],
		"http://vis.cs.ucdavis.edu/~cjbryan/cs212/birds/puffin.html": [
			6
		],
		"http://vis.cs.ucdavis.edu/~cjbryan/cs212/birds/quail.html": [
			6
		],
		"http://vis.cs.ucdavis.edu/~cjbryan/cs212/birds/raven.html": [
			6
		],
		"http://vis.cs.ucdavis.edu/~cjbryan/cs212/birds/roadrunner.html": [
			6
		],
		"http://vis.cs.ucdavis.edu/~cjbryan/cs212/birds/robin.html": [
			6
		],
		"http://vis.cs.ucdavis.edu/~cjbryan/cs212/birds/sandpiper.html": [
			6
		],
		"http://vis.cs.ucdavis.edu/~cjbryan/cs212/birds/sparrow.html": [
			6
		],
		"http://vis.cs.ucdavis.edu/~cjbryan/cs212/birds/starling.html": [
			6
		],
		"http://vis.cs.ucdavis.edu/~cjbryan/cs212/birds/stork.html": [
			6
		],
		"http://vis.cs.ucdavis.edu/~cjbryan/cs212/birds/swallow.html": [
			6
		],
		"http://vis.cs.ucdavis.edu/~cjbryan/cs212/birds/swan.html": [
			6
		],
		"http://vis.cs.ucdavis.edu/~cjbryan/cs212/birds/tern.html": [
			6
		],
		"http://vis.cs.ucdavis.edu/~cjbryan/cs212/birds/turkey.html": [
			6
		],
		"http://vis.cs.ucdavis.edu/~cjbryan/cs212/birds/vulture.html": [
			6
		],
		"http://vis.cs.ucdavis.edu/~cjbryan/cs212/birds/warbler.html": [
			6
		],
		"http://vis.cs.ucdavis.edu/~cjbryan/cs212/birds/woodpecker.html": [
			6
		],
		"http://vis.cs.ucdavis.edu/~cjbryan/cs212/birds/wren.html": [
			6
		]
	},
	"osprey": {
		"http://vis.cs.ucdavis.edu/~cjbryan/cs212/birds/birds.html": [
			34
		],
		"http://vis.cs.ucdavis.edu/~cjbryan/cs212/birds/osprey.html": [
			1
		]
	},
	"owl": {
		"http://vis.cs.ucdavis.edu/~cjbryan/cs212/birds/birds.html": [
			35
		],
		"http://vis.cs.ucdavis.edu/~cjbryan/cs212/birds/owl.html": [
			1
		]
	},
	"pelican": {
		"http://vis.cs.ucdavis.edu/~cjbryan/cs212/birds/birds.html": [
			36
		],
		"http://vis.cs.ucdavis.edu/~cjbryan/cs212/birds/pelican.html": [
			1
		]
	},
	"pheasant": {
		"http://vis.cs.ucdavis.edu/~cjbryan/cs212/birds/birds.html": [
			37
		],
		"http://vis.cs.ucdavis.edu/~cjbryan/cs212/birds/pheasant.html": [
			1
		]
	},
	"pigeon": {
		"http://vis.cs.ucdavis.edu/~cjbryan/cs212/birds/birds.html": [
			38
		],
		"http://vis.cs.ucdavis.edu/~cjbryan/cs212/birds/pigeon.html": [
			1
		]
	},
	"puffin": {
		"http://vis.cs.ucdavis.edu/~cjbryan/cs212/birds/birds.html": [
			39
		],
		"http://vis.cs.ucdavis.edu/~cjbryan/cs212/birds/puffin.html": [
			1
		]
	},
	"quail": {
		"http://vis.cs.ucdavis.edu/~cjbryan/cs212/birds/birds.html": [
			40
		],
		"http://vis.cs.ucdavis.edu/~cjbryan/cs212/birds/quail.html": [
			1
		]
	},
	"raven": {
		"http://vis.cs.ucdavis.edu/~cjbryan/cs212/birds/birds.html": [
			41
		],
		"http://vis.cs.ucdavis.edu/~cjbryan/cs212/birds/raven.html": [
			1
		]
	},
	"roadrunner": {
		"http://vis.cs.ucdavis.edu/~cjbryan/cs212/birds/birds.html": [
			42
		],
		"http://vis.cs.ucdavis.edu/~cjbryan/cs212/birds/roadrunner.html": [
			1
		]
	},
	"robin": {
		"http://vis.cs.ucdavis.edu/~cjbryan/cs212/birds/birds.html": [
			43
		],
		"http://vis.cs.ucdavis.edu/~cjbryan/cs212/birds/robin.html": [
			1
		]
	},
	"sandpiper": {
		"http://vis.cs.ucdavis.edu/~cjbryan/cs212/birds/birds.html": [
			44
		],
		"http://vis.cs.ucdavis.edu/~cjbryan/cs212/birds/sandpiper.html": [
			1
		]
	},
	"sparrow": {
		"http://vis.cs.ucdavis.edu/~cjbryan/cs212/birds/birds.html": [
			45
		],
		"http://vis.cs.ucdavis.edu/~cjbryan/cs212/birds/sparrow.html": [
			1
		]
	},
	"starling": {
		"http://vis.cs.ucdavis.edu/~cjbryan/cs212/birds/birds.html": [
			46
		],
		"http://vis.cs.ucdavis.edu/~cjbryan/cs212/birds/starling.html": [
			1
		]
	},
	"stork": {
		"http://vis.cs.ucdavis.edu/~cjbryan/cs212/birds/birds.html": [
			47
		],
		"http://vis.cs.ucdavis.edu/~cjbryan/cs212/birds/stork.html": [
			1
		]
	},
	"swallow": {
		"http://vis.cs.ucdavis.edu/~cjbryan/cs212/birds/birds.html": [
			48
		],
		"http://vis.cs.ucdavis.edu/~cjbryan/cs212/birds/swallow.html": [
			1
		]
	},
	"swan": {
		"http://vis.cs.ucdavis.edu/~cjbryan/cs212/birds/birds.html": [
			49
		],
		"http://vis.cs.ucdavis.edu/~cjbryan/cs212/birds/swan.html": [
			1
		]
	},
	"tern": {
		"http://vis.cs.ucdavis.edu/~cjbryan/cs212/birds/birds.html": [
			50
		],
		"http://vis.cs.ucdavis.edu/~cjbryan/cs212/birds/tern.html": [
			1
		]
	},
	"turkey": {
		"http://vis.cs.ucdavis.edu/~cjbryan/cs212/birds/birds.html": [
			51
		],
		"http://vis.cs.ucdavis.edu/~cjbryan/cs212/birds/turkey.html": [
			1
		]
	},
	"type": {
		"http://vis.cs.ucdavis.edu/~cjbryan/cs212/birds/albatross.html": [
			5
		],
		"http://vis.cs.ucdavis.edu/~cjbryan/cs212/birds/blackbird.html": [
			5
		],
		"http://vis.cs.ucdavis.edu/~cjbryan/cs212/birds/bluebird.html": [
			5
		],
		"http://vis.cs.ucdavis.edu/~cjbryan/cs212/birds/cardinal.html": [
			5
		],
		"http://vis.cs.ucdavis.edu/~cjbryan/cs212/birds/chickadee.html": [
			5
		],
		"http://vis.cs.ucdavis.edu/~cjbryan/cs212/birds/crane.html": [
			5
		],
		"http://vis.cs.ucdavis.edu/~cjbryan/cs212/birds/crow.html": [
			5
		],
		"http://vis.cs.ucdavis.edu/~cjbryan/cs212/birds/cuckoo.html": [
			5
		],
		"http://vis.cs.ucdavis.edu/~cjbryan/cs212/birds/dove.html": [
			5
		],
		"http://vis.cs.ucdavis.edu/~cjbryan/cs212/birds/duck.html": [
			5
		],
		"http://vis.cs.ucdavis.edu/~cjbryan/cs212/birds/eagle.html": [
			5
		],
		"http://vis.cs.ucdavis.edu/~cjbryan/cs212/birds/egret.html": [
			5
		],
		"http://vis.cs.ucdavis.edu/~cjbryan/cs212/birds/falcon.html": [
			5
		],
		"http://vis.cs.ucdavis.edu/~cjbryan/cs212/birds/finch.html": [
			5
		],
		"http://vis.cs.ucdavis.edu/~cjbryan/cs212/birds/goose.html": [
			5
		],
		"http://vis.cs.ucdavis.edu/~cjbryan/cs212/birds/gull.html": [
			5
		],
		"http://vis.cs.ucdavis.edu/~cjbryan/cs212/birds/hawk.html": [
			5
		],
		"http://vis.cs.ucdavis.edu/~cjbryan/cs212/birds/heron.html": [
			5
		],
		"http://vis.cs.ucdavis.edu/~cjbryan/cs212/birds/hummingbird.html": [
			5
		],
		"http://vis.cs.ucdavis.edu/~cjbryan/cs212/birds/ibis.html": [
			5
		],
		"http://vis.cs.ucdavis.edu/~cjbryan/cs212/birds/kingfisher.html": [
			5
		],
		"http://vis.cs.ucdavis.edu/~cjbryan/cs212/birds/loon.html": [
			5
		],
		"http://vis.cs.ucdavis.edu/~cjbryan/cs212/birds/magpie.html": [
			5
		],
		"http://vis.cs.ucdavis.edu/~cjbryan/cs212/birds/mallard.html": [
			5
		],
		"http://vis.cs.ucdavis.edu/~cjbryan/cs212/birds/meadowlark.html": [
			5
		],
		"http://vis.cs.ucdavis.edu/~cjbryan/cs212/birds/mockingbird.html": [
			5
		],
		"http://vis.cs.ucdavis.edu/~cjbryan/cs212/birds/nighthawk.html": [
			5
		],
		"http://vis.cs.ucdavis.edu/~cjbryan/cs212/birds/osprey.html": [
			5
		],
		"http://vis.cs.ucdavis.edu/~cjbryan/cs212/birds/owl.html": [
			5
		],
		"http://vis.cs.ucdavis.edu/~cjbryan/cs212/birds/pelican.html": [
			5
		],
		"http://vis.cs.ucdavis.edu/~cjbryan/cs212/birds/pheasant.html": [
			5
		],
		"http://vis.cs.ucdavis.edu/~cjbryan/cs212/birds/pigeon.html": [
			5
		],
		"http://vis.cs.ucdavis.edu/~cjbryan/cs212/birds/puffin.html": [
			5
		],
		"http://vis.cs.ucdavis.edu/~cjbryan/cs212/birds/quail.html": [
			5
		],
		"http://vis.cs.ucdavis.edu/~cjbryan/cs212/birds/raven.html": [
			5
		],
		"http://vis.cs.ucdavis.edu/~cjbryan/cs212/birds/roadrunner.html": [
			5
		],
		"http://vis.cs.ucdavis.edu/~cjbryan/cs212/birds/robin.html": [
			5
		],
		"http://vis.cs.ucdavis.edu/~cjbryan/cs212/birds/sandpiper.html": [
			5
		],
		"http://vis.cs.ucdavis.edu/~cjbryan/cs212/birds/sparrow.html": [
			5
		],
		"http://vis.cs.ucdavis.edu/~cjbryan/cs212/birds/starling.html": [
			5
		],
		"http://vis.cs.ucdavis.edu/~cjbryan/cs212/birds/stork.html": [
			5
		],
		"http://vis.cs.ucdavis.edu/~cjbryan/cs212/birds/swallow.html": [
			5
		],
		"http://vis.cs.ucdavis.edu/~cjbryan/cs212/birds/swan.html": [
			5
		],
		"http://vis.cs.ucdavis.edu/~cjbryan/cs212/birds/tern.html": [
			5
		],
		"http://vis.cs.ucdavis.edu/~cjbryan/cs212/birds/turkey.html": [
			5
		],
		"http://vis.cs.ucdavis.edu/~cjbryan/cs212/birds/vulture.html": [
			5
		],
		"http://vis.cs.ucdavis.edu/~cjbryan/cs212/birds/warbler.html": [
			5
		],
		"http://vis.cs.ucdavis.edu/~cjbryan/cs212/birds/woodpecker.html": [
			5
		],
		"http://vis.cs.ucdavis.edu/~cjbryan/cs212/birds/wren.html": [
			5
		]
	},
	"vulture": {
		"http://vis.cs.ucdavis.edu/~cjbryan/cs212/birds/birds.html": [
			52
		],
		"http://vis.cs.ucdavis.edu/~cjbryan/cs212/birds/vulture.html": [
			1
		]
	},
	"warbler": {
		"http://vis.cs.ucdavis.edu/~cjbryan/cs212/birds/birds.html": [
			53
		],
		"http://vis.cs.ucdavis.edu/~cjbryan/cs212/birds/warbler.html": [
			1
		]
	},
	"woodpecker": {
		"http://vis.cs.ucdavis.edu/~cjbryan/cs212/birds/birds.html": [
			54
		],
		"http://vis.cs.ucdavis.edu/~cjbryan/cs212/birds/woodpecker.html": [
			1
		]
	},
	"wren": {
		"http://vis.cs.ucdavis.edu/~cjbryan/cs212/birds/birds.html": [
			55
		],
		"http://vis.cs.ucdavis.edu/~cjbryan/cs212/birds/wren.html": [
			1
		]
	},
	"yellowthroat": {
		"http://vis.cs.ucdavis.edu/~cjbryan/cs212/birds/birds.html": [
			56
		]
	}
}