{
	"hello": {
		"http://vis.cs.ucdavis.edu/~cjbryan/cs212/simple/hello.html": [
			1,
			3,
			5,
			7
		]
	},
	"world": {
		"http://vis.cs.ucdavis.edu/~cjbryan/cs212/simple/hello.html": [
			2,
			4,
			6,
			8
		]
	}
}